TPOSE SEQ NOF2 C:\Users\camil\AppData\Local\Temp\RtmpMzIN9I\cspade4c9450b27d2c.data 0.020000 23096 462 1 F1stats = [ 122 0 0 0.004187 ] 0.009545 0.000758 0.016605
CONF 23096 218 1 6.99355
MINSUPPORT 462 23096
MINMAX 1 23096
1 SUPP 2034
2 SUPP 1737
3 SUPP 2394
4 SUPP 1615
5 SUPP 1396
6 SUPP 843
7 SUPP 2182
8 SUPP 1211
9 SUPP 1321
10 SUPP 860
12 SUPP 2455
13 SUPP 467
14 SUPP 1099
15 SUPP 550
21 SUPP 465
22 SUPP 610
23 SUPP 1571
24 SUPP 604
25 SUPP 1125
26 SUPP 540
27 SUPP 678
28 SUPP 495
31 SUPP 667
34 SUPP 2153
36 SUPP 652
37 SUPP 602
39 SUPP 1867
40 SUPP 1512
41 SUPP 1336
42 SUPP 1310
43 SUPP 1546
44 SUPP 1380
45 SUPP 2367
46 SUPP 1397
47 SUPP 1245
48 SUPP 1754
49 SUPP 1032
50 SUPP 1324
51 SUPP 1236
52 SUPP 1279
53 SUPP 942
54 SUPP 1064
56 SUPP 769
58 SUPP 1211
59 SUPP 1601
60 SUPP 627
61 SUPP 1105
62 SUPP 870
64 SUPP 483
65 SUPP 1119
66 SUPP 816
67 SUPP 1225
68 SUPP 1218
70 SUPP 553
71 SUPP 3132
72 SUPP 469
73 SUPP 582
76 SUPP 742
77 SUPP 979
78 SUPP 544
79 SUPP 793
80 SUPP 796
81 SUPP 828
82 SUPP 1039
83 SUPP 479
84 SUPP 529
85 SUPP 1359
86 SUPP 578
87 SUPP 473
88 SUPP 948
90 SUPP 681
95 SUPP 475
98 SUPP 668
99 SUPP 496
100 SUPP 665
103 SUPP 596
104 SUPP 627
105 SUPP 678
106 SUPP 483
110 SUPP 748
111 SUPP 964
112 SUPP 660
120 SUPP 747
121 SUPP 1582
122 SUPP 711
123 SUPP 515
125 SUPP 604
126 SUPP 610
127 SUPP 544
128 SUPP 1001
129 SUPP 733
130 SUPP 475
132 SUPP 617
133 SUPP 978
134 SUPP 759
135 SUPP 804
136 SUPP 2226
138 SUPP 645
139 SUPP 869
141 SUPP 677
142 SUPP 1329
143 SUPP 1273
144 SUPP 897
145 SUPP 521
147 SUPP 894
148 SUPP 589
151 SUPP 789
154 SUPP 532
158 SUPP 990
162 SUPP 754
168 SUPP 663
169 SUPP 970
178 SUPP 749
179 SUPP 596
180 SUPP 709
181 SUPP 486
191 SUPP 1371
202 SUPP 552
203 SUPP 513
213 SUPP 586
216 SUPP 650
217 SUPP 488
numfreq 122 :  0.00418711 SUMSUP SUMDIFF = 0 0
EXTRARYSZ 80845
OPENED C:\Users\camil\AppData\Local\Temp\RtmpMzIN9I\cspade4c9450b27d2c.idx
OFF 218 265664
Wrote Offt 0.000758171
BOUNDS 1 23097
WROTE INVERT 0.00954509
Total elapsed time 0.0166051
TPOSE SEQ NOF2 C:\Users\camil\AppData\Local\Temp\RtmpMzIN9I\cspade4c9416ec57f8.data 0.020000 23096 462 1 F1stats = [ 122 0 0 0.020461 ] 0.005881 0.000496 0.028947
CONF 23096 218 1 6.99355
MINSUPPORT 462 23096
MINMAX 1 23096
1 SUPP 2034
2 SUPP 1737
3 SUPP 2394
4 SUPP 1615
5 SUPP 1396
6 SUPP 843
7 SUPP 2182
8 SUPP 1211
9 SUPP 1321
10 SUPP 860
12 SUPP 2455
13 SUPP 467
14 SUPP 1099
15 SUPP 550
21 SUPP 465
22 SUPP 610
23 SUPP 1571
24 SUPP 604
25 SUPP 1125
26 SUPP 540
27 SUPP 678
28 SUPP 495
31 SUPP 667
34 SUPP 2153
36 SUPP 652
37 SUPP 602
39 SUPP 1867
40 SUPP 1512
41 SUPP 1336
42 SUPP 1310
43 SUPP 1546
44 SUPP 1380
45 SUPP 2367
46 SUPP 1397
47 SUPP 1245
48 SUPP 1754
49 SUPP 1032
50 SUPP 1324
51 SUPP 1236
52 SUPP 1279
53 SUPP 942
54 SUPP 1064
56 SUPP 769
58 SUPP 1211
59 SUPP 1601
60 SUPP 627
61 SUPP 1105
62 SUPP 870
64 SUPP 483
65 SUPP 1119
66 SUPP 816
67 SUPP 1225
68 SUPP 1218
70 SUPP 553
71 SUPP 3132
72 SUPP 469
73 SUPP 582
76 SUPP 742
77 SUPP 979
78 SUPP 544
79 SUPP 793
80 SUPP 796
81 SUPP 828
82 SUPP 1039
83 SUPP 479
84 SUPP 529
85 SUPP 1359
86 SUPP 578
87 SUPP 473
88 SUPP 948
90 SUPP 681
95 SUPP 475
98 SUPP 668
99 SUPP 496
100 SUPP 665
103 SUPP 596
104 SUPP 627
105 SUPP 678
106 SUPP 483
110 SUPP 748
111 SUPP 964
112 SUPP 660
120 SUPP 747
121 SUPP 1582
122 SUPP 711
123 SUPP 515
125 SUPP 604
126 SUPP 610
127 SUPP 544
128 SUPP 1001
129 SUPP 733
130 SUPP 475
132 SUPP 617
133 SUPP 978
134 SUPP 759
135 SUPP 804
136 SUPP 2226
138 SUPP 645
139 SUPP 869
141 SUPP 677
142 SUPP 1329
143 SUPP 1273
144 SUPP 897
145 SUPP 521
147 SUPP 894
148 SUPP 589
151 SUPP 789
154 SUPP 532
158 SUPP 990
162 SUPP 754
168 SUPP 663
169 SUPP 970
178 SUPP 749
179 SUPP 596
180 SUPP 709
181 SUPP 486
191 SUPP 1371
202 SUPP 552
203 SUPP 513
213 SUPP 586
216 SUPP 650
217 SUPP 488
numfreq 122 :  0.0204611 SUMSUP SUMDIFF = 0 0
EXTRARYSZ 80845
OPENED C:\Users\camil\AppData\Local\Temp\RtmpMzIN9I\cspade4c9416ec57f8.idx
OFF 218 265664
Wrote Offt 0.000496149
BOUNDS 1 23097
WROTE INVERT 0.00588083
Total elapsed time 0.0289471
TPOSE SEQ NOF2 C:\Users\camil\AppData\Local\Temp\RtmpMzIN9I\cspade4c9453931e66.data 0.020000 23096 462 1 F1stats = [ 122 0 0 0.020820 ] 0.005297 0.000581 0.028184
CONF 23096 218 1 6.99355
MINSUPPORT 462 23096
MINMAX 1 23096
1 SUPP 2034
2 SUPP 1737
3 SUPP 2394
4 SUPP 1615
5 SUPP 1396
6 SUPP 843
7 SUPP 2182
8 SUPP 1211
9 SUPP 1321
10 SUPP 860
12 SUPP 2455
13 SUPP 467
14 SUPP 1099
15 SUPP 550
21 SUPP 465
22 SUPP 610
23 SUPP 1571
24 SUPP 604
25 SUPP 1125
26 SUPP 540
27 SUPP 678
28 SUPP 495
31 SUPP 667
34 SUPP 2153
36 SUPP 652
37 SUPP 602
39 SUPP 1867
40 SUPP 1512
41 SUPP 1336
42 SUPP 1310
43 SUPP 1546
44 SUPP 1380
45 SUPP 2367
46 SUPP 1397
47 SUPP 1245
48 SUPP 1754
49 SUPP 1032
50 SUPP 1324
51 SUPP 1236
52 SUPP 1279
53 SUPP 942
54 SUPP 1064
56 SUPP 769
58 SUPP 1211
59 SUPP 1601
60 SUPP 627
61 SUPP 1105
62 SUPP 870
64 SUPP 483
65 SUPP 1119
66 SUPP 816
67 SUPP 1225
68 SUPP 1218
70 SUPP 553
71 SUPP 3132
72 SUPP 469
73 SUPP 582
76 SUPP 742
77 SUPP 979
78 SUPP 544
79 SUPP 793
80 SUPP 796
81 SUPP 828
82 SUPP 1039
83 SUPP 479
84 SUPP 529
85 SUPP 1359
86 SUPP 578
87 SUPP 473
88 SUPP 948
90 SUPP 681
95 SUPP 475
98 SUPP 668
99 SUPP 496
100 SUPP 665
103 SUPP 596
104 SUPP 627
105 SUPP 678
106 SUPP 483
110 SUPP 748
111 SUPP 964
112 SUPP 660
120 SUPP 747
121 SUPP 1582
122 SUPP 711
123 SUPP 515
125 SUPP 604
126 SUPP 610
127 SUPP 544
128 SUPP 1001
129 SUPP 733
130 SUPP 475
132 SUPP 617
133 SUPP 978
134 SUPP 759
135 SUPP 804
136 SUPP 2226
138 SUPP 645
139 SUPP 869
141 SUPP 677
142 SUPP 1329
143 SUPP 1273
144 SUPP 897
145 SUPP 521
147 SUPP 894
148 SUPP 589
151 SUPP 789
154 SUPP 532
158 SUPP 990
162 SUPP 754
168 SUPP 663
169 SUPP 970
178 SUPP 749
179 SUPP 596
180 SUPP 709
181 SUPP 486
191 SUPP 1371
202 SUPP 552
203 SUPP 513
213 SUPP 586
216 SUPP 650
217 SUPP 488
numfreq 122 :  0.0208199 SUMSUP SUMDIFF = 0 0
EXTRARYSZ 80845
OPENED C:\Users\camil\AppData\Local\Temp\RtmpMzIN9I\cspade4c9453931e66.idx
OFF 218 265664
Wrote Offt 0.000581026
BOUNDS 1 23097
WROTE INVERT 0.00529695
Total elapsed time 0.0281839
